// Jest Snapshot v1, https://goo.gl/fbAQLP

exports[`Login Screen  1`] = `<View />`;
